MPLINK 4.48, Linker
Linker Map File - Created Tue Nov 05 06:19:08 2019

                                 Section Info
                  Section       Type    Address   Location Size(Bytes)
                ---------  ---------  ---------  ---------  ---------
                   .org_0       code   0x000000    program   0x000000
                   .org_1       code   0x000000    program   0x000002
                   .org_2       code   0x000004    program   0x00014e
     .config_2007_SNAKE.O       code   0x002007    program   0x000002



                              Program Memory Usage 
                               Start         End      
                           ---------   ---------      
                            0x000000    0x000000      
                            0x000004    0x0000aa      
                            0x002007    0x002007      
            169 out of 8454 program addresses used, program memory utilization is 1%



                              Symbols - Sorted by Name
                     Name    Address   Location    Storage File                     
                ---------  ---------  ---------  --------- ---------                
                    ASAGI   0x000059    program     static C:\Users\ilkerPC\Desktop\MyFiles\Apps\Assembly Projects\Mikro\2019 Deneyleri\Ödevler\ikincideney\snake.asm
                    BASLA   0x00002f    program     static C:\Users\ilkerPC\Desktop\MyFiles\Apps\Assembly Projects\Mikro\2019 Deneyleri\Ödevler\ikincideney\snake.asm
             BUTONGECIKME   0x00008f    program     static C:\Users\ilkerPC\Desktop\MyFiles\Apps\Assembly Projects\Mikro\2019 Deneyleri\Ödevler\ikincideney\snake.asm
                   DONGU1   0x00008a    program     static C:\Users\ilkerPC\Desktop\MyFiles\Apps\Assembly Projects\Mikro\2019 Deneyleri\Ödevler\ikincideney\snake.asm
                   DONGU2   0x000095    program     static C:\Users\ilkerPC\Desktop\MyFiles\Apps\Assembly Projects\Mikro\2019 Deneyleri\Ödevler\ikincideney\snake.asm
                  GECIKME   0x000086    program     static C:\Users\ilkerPC\Desktop\MyFiles\Apps\Assembly Projects\Mikro\2019 Deneyleri\Ödevler\ikincideney\snake.asm
               ILKKURULUM   0x00001a    program     static C:\Users\ilkerPC\Desktop\MyFiles\Apps\Assembly Projects\Mikro\2019 Deneyleri\Ödevler\ikincideney\snake.asm
                    KESME   0x00009f    program     static C:\Users\ilkerPC\Desktop\MyFiles\Apps\Assembly Projects\Mikro\2019 Deneyleri\Ödevler\ikincideney\snake.asm
                      SAG   0x000077    program     static C:\Users\ilkerPC\Desktop\MyFiles\Apps\Assembly Projects\Mikro\2019 Deneyleri\Ödevler\ikincideney\snake.asm
                    SETUP   0x000005    program     static C:\Users\ilkerPC\Desktop\MyFiles\Apps\Assembly Projects\Mikro\2019 Deneyleri\Ödevler\ikincideney\snake.asm
                      SOL   0x000068    program     static C:\Users\ilkerPC\Desktop\MyFiles\Apps\Assembly Projects\Mikro\2019 Deneyleri\Ödevler\ikincideney\snake.asm
                   YUKARI   0x00004a    program     static C:\Users\ilkerPC\Desktop\MyFiles\Apps\Assembly Projects\Mikro\2019 Deneyleri\Ödevler\ikincideney\snake.asm



                              Symbols - Sorted by Address
                     Name    Address   Location    Storage File                     
                ---------  ---------  ---------  --------- ---------                
                    SETUP   0x000005    program     static C:\Users\ilkerPC\Desktop\MyFiles\Apps\Assembly Projects\Mikro\2019 Deneyleri\Ödevler\ikincideney\snake.asm
               ILKKURULUM   0x00001a    program     static C:\Users\ilkerPC\Desktop\MyFiles\Apps\Assembly Projects\Mikro\2019 Deneyleri\Ödevler\ikincideney\snake.asm
                    BASLA   0x00002f    program     static C:\Users\ilkerPC\Desktop\MyFiles\Apps\Assembly Projects\Mikro\2019 Deneyleri\Ödevler\ikincideney\snake.asm
                   YUKARI   0x00004a    program     static C:\Users\ilkerPC\Desktop\MyFiles\Apps\Assembly Projects\Mikro\2019 Deneyleri\Ödevler\ikincideney\snake.asm
                    ASAGI   0x000059    program     static C:\Users\ilkerPC\Desktop\MyFiles\Apps\Assembly Projects\Mikro\2019 Deneyleri\Ödevler\ikincideney\snake.asm
                      SOL   0x000068    program     static C:\Users\ilkerPC\Desktop\MyFiles\Apps\Assembly Projects\Mikro\2019 Deneyleri\Ödevler\ikincideney\snake.asm
                      SAG   0x000077    program     static C:\Users\ilkerPC\Desktop\MyFiles\Apps\Assembly Projects\Mikro\2019 Deneyleri\Ödevler\ikincideney\snake.asm
                  GECIKME   0x000086    program     static C:\Users\ilkerPC\Desktop\MyFiles\Apps\Assembly Projects\Mikro\2019 Deneyleri\Ödevler\ikincideney\snake.asm
                   DONGU1   0x00008a    program     static C:\Users\ilkerPC\Desktop\MyFiles\Apps\Assembly Projects\Mikro\2019 Deneyleri\Ödevler\ikincideney\snake.asm
             BUTONGECIKME   0x00008f    program     static C:\Users\ilkerPC\Desktop\MyFiles\Apps\Assembly Projects\Mikro\2019 Deneyleri\Ödevler\ikincideney\snake.asm
                   DONGU2   0x000095    program     static C:\Users\ilkerPC\Desktop\MyFiles\Apps\Assembly Projects\Mikro\2019 Deneyleri\Ödevler\ikincideney\snake.asm
                    KESME   0x00009f    program     static C:\Users\ilkerPC\Desktop\MyFiles\Apps\Assembly Projects\Mikro\2019 Deneyleri\Ödevler\ikincideney\snake.asm


